RecentChangesMacro
FrontPage
BlogCategoriesMacro
HelpContents
UploadFileMacro
HelpOnMacros
TableOfContentsMacro
PageHitsMacro
HelpOnLists
FullSearchMacro
FootNoteMacro
WordIndex
HelpOnUpdating
DeleteThisPage
VoteMacro
DateTimeMacro
HelpForDevelopers
CategoryHomepage
BlogArchivesMacro
HelpOnInstalling
DueDateMacro
MoniWikiPlugins
RandomQuoteMacro
InterWiki
CategoryMacro
HelpOnHeadlines
HelpOnVariables
HelpOnEditing
OekakiMacro
UrlMappingMacro
HelpOnConfiguration
넬슨 대륙
BlogChanges
HelpOnPageDeletion
MoniWikiTutorial
HelpOnCvsInstallation
HelpOnInstallation/SetGid
HelpOnPageCreation
UserPreferences
CalendarMacro
CategoryCategory
BadContent
SystemInfo
IncludeMacro
WikiWikiWeb
HelpOnFormatting
HelpOnSubPages
InterMapIcon
RandomPageMacro
CommentMacro
PluginInfoMacro
HelpOnSmileys
NavigationMacro
HelpOnBasicTextFormatting
HelpForBeginners
FortuneCookies
WikiSandBox
AttachmentMacro
HelpIndex
HelpOnNameSpace
InterWikiIcons
MoniWiki/HotKeys
HelpOnUserPreferences
CategorySoftwareTool
InlineMacro
HelpMiscellaneous
HelpTemplate
HelpOnLinking
MoniWikiOptions
HelpOnActions
AliasPageNames
PatternTemplate
HelpOnProcessingInstructions
HelpOnSubPages/SubPages
HelpOnAdministration
MediaMacro
HelpOnLists/Dev
FortuneMacro
HelpOnProcessors
MoniWikiProcessor
HelpOnNavigation
OrphanedPagesMacro
HelpOnGitInstallation
InterMap
IsbnMacro
UploadedFiles
DynamicMacro
CategoryEmpty
HelpOnTables
EditTextForm
MoniWikiACL
HelpOnRules
IsbnMap
HelpOnInstallation
HelpOnXmlPages
BlogChangesMacro
HelpOnInstallation/MultipleUser
RecentChanges
TitleIndex
PlayMacro
CategoryTemplate
HomepageTemplate
FastSearchMacro
DisqusCommentsMacro
HelpOnSpellCheck
PageListMacro
DrawMacro
FindPage
WikiSlide
넬슨 대륙
오르리아 제국
아홉신
베오스
아트로스 소제국
세인트 신성교국
베오스 해상왕국
플라본 왕국
멜폰 왕국
케슬란 연합
프레투스
카자크스
케룸
시하브
마흐소
스토리 정리
정통교
키와
켈베아
네이단
셰인
페이크로
야쉐
용병
인민연합
넬슨 대륙/상식
아홉 종족
넬슨 대륙/기술
엘피도 대륙
엘피도 대륙/상식
엘피도 대륙/아홉 종족
엘피도 대륙/아홉신
